// Jest Snapshot v1, https://goo.gl/fbAQLP

exports[`Main page Component renders as expected 1`] = `
Array [
  <div
    className="nav-div"
  >
    <nav
      className="navbar navbar-expand-md"
    >
      <div
        className="collapse show navbar-collapse"
        style={Object {}}
      >
        <ul
          className="mr-auto navbar-nav"
        >
          <span
            className="navbar-text"
          >
            Account and License Management Tool
          </span>
        </ul>
        <button
          aria-label={null}
          className="general-button my-2 btn btn-danger"
          disabled={false}
          onClick={[Function]}
          type="submit"
        >
          Logout
        </button>
      </div>
    </nav>
  </div>,
  <div
    className="top-spacing"
    id="wrapper"
  >
    <div
      className="my-3 p-3 rounded shadow less-spacing-top"
    >
      <h4
        className="add-remove-text"
      >
        Add or Remove User
      </h4>
      <div
        className="move-down"
      >
        <p>
          Find a user by IDIR username and add them to or remove them from projects.
        </p>
        <p />
        <div
          className="inner"
        >
          <input
            className="input-field my-2 form-control"
            disabled={false}
            name="idir"
            onChange={[Function]}
            placeholder="Enter IDIR username to find"
            type="text"
            value=""
          />
          <p />
          <div
            className="error-btn-div"
          >
            <div />
            <div
              className="d-flex justify-content-end"
            >
              <button
                aria-label={null}
                className="general-button my-2 btn btn-primary disabled"
                disabled={true}
                onClick={[Function]}
                type="submit"
              >
                Find
              </button>
            </div>
          </div>
        </div>
      </div>
    </div>
  </div>,
]
`;
