// Jest Snapshot v1, https://goo.gl/fbAQLP

exports[`User Search Component renders as expected 1`] = `
<div
  className="move-down"
>
  <p>
    Find a user by IDIR username and add them to or remove them from projects.
  </p>
  <p />
  <div
    className="inner"
  >
    <input
      aria-invalid={false}
      autoFocus={true}
      className="input-field my-2 form-control"
      disabled={false}
      name="myinputfield"
      onChange={[Function]}
      onKeyPress={[Function]}
      placeholder="placeholder"
      type="text"
      value="idir"
    />
    <p />
    <div
      className="error-btn-div"
    >
      <div />
      <div
        className="d-flex justify-content-end"
      >
        <button
          className="bcgov-button normal-blue btn"
          data-test-id=""
          disabled={false}
          onClick={[Function]}
          type="button"
        >
          Find
        </button>
      </div>
    </div>
  </div>
</div>
`;
