// Jest Snapshot v1, https://goo.gl/fbAQLP

exports[`User Access Component renders as expected 1`] = `
<div
  className="move-down container"
>
  <div
    className="row row-cols-1 row-cols-sm-1 row-cols-md-2"
    id="user-access-row"
  >
    <div
      className="cols col"
    >
      <div
        className="row"
      >
        <div
          className="big-font col"
        >
          USER
        </div>
      </div>
      <div
        className="project-div"
      >
        <div
          className="project-list-item"
        >
          <strong
            className="large-size"
          >
            username
          </strong>
          <p
            className="project-list-item"
          >
            useremail@gov.bc.ca
          </p>
        </div>
        <div />
      </div>
    </div>
    <div
      className="top-projects col"
      id="noProjects"
    >
      <div
        className="cols"
      >
        <div
          className="row"
        >
          <div
            className="big-font col"
          >
            CURRENT PROJECTS
          </div>
        </div>
        <div>
          <p>
            No projects
          </p>
        </div>
      </div>
    </div>
  </div>
  <div
    className="row row-cols-1 row-cols-sm-1 row-cols-md-2"
  >
    <div
      className="col"
    />
    <div
      className="col"
    >
      <div
        className="drop-plus"
      >
        <div
          className="dropleft dropdown"
          onKeyDown={[Function]}
        >
          <button
            aria-expanded={false}
            aria-haspopup={true}
            aria-label={null}
            className="dropdown-toggle btn btn-secondary"
            onClick={[Function]}
            style={
              Object {
                "backgroundColor": "white",
                "color": "black",
                "maxWidth": "140px",
                "overflow": "hidden",
                "textOverflow": "ellipsis",
                "whiteSpace": "nowrap",
              }
            }
            type="button"
          >
            Select a project
          </button>
          <div
            aria-hidden={true}
            className="dropdown-menu"
            role="menu"
            tabIndex="-1"
          >
            <button
              className="dropdown-item"
              onClick={[Function]}
              role="menuitem"
              tabIndex="0"
              type="button"
            >
              name
              -
              type
            </button>
          </div>
        </div>
        <div>
          <div
            className="inline-blocked"
            id="main"
            onClick={[Function]}
            onKeyDown={[Function]}
            role="button"
            tabIndex="0"
          >
            <img
              alt="plus icon"
              height="25px"
              src={
                Object {
                  "process": [Function],
                }
              }
              width="25px"
            />
          </div>
        </div>
      </div>
    </div>
  </div>
</div>
`;
