// Jest Snapshot v1, https://goo.gl/fbAQLP

exports[`User Access Component renders as expected 1`] = `
<table
  className="move-down table table-borderless"
>
  <thead>
    <tr
      className="border-bottom"
    >
      <th>
        <strong>
          USER
        </strong>
      </th>
      <th>
        <strong>
          CURRENT PROJECTS
        </strong>
      </th>
    </tr>
  </thead>
  <tbody>
    <tr
      id="user-access-row"
    >
      <td>
        <div>
          <strong
            className="large-size"
          >
            username
          </strong>
          <p>
            useremail@gov.bc.ca
          </p>
        </div>
      </td>
      <td
        id="noProjects"
      >
        <div>
          <p>
            No projects
          </p>
        </div>
      </td>
    </tr>
  </tbody>
</table>
`;
