// Jest Snapshot v1, https://goo.gl/fbAQLP

exports[`User Access Component renders as expected 1`] = `
<table
  className="move-down table table-borderless"
>
  <thead>
    <tr
      className="border-bottom"
    >
      <th>
        <strong
          className="big-font"
        >
          USER
        </strong>
      </th>
      <th>
        <strong
          className="big-font"
        >
          CURRENT PROJECTS
        </strong>
      </th>
    </tr>
  </thead>
  <tbody>
    <tr
      id="user-access-row"
    >
      <td>
        <div>
          <strong
            className="large-size"
          >
            username
          </strong>
        </div>
        <p>
          useremail@gov.bc.ca
        </p>
      </td>
      <td
        id="noProjects"
      >
        <div>
          <p>
            No projects
          </p>
        </div>
        <div>
          <div
            className="dropdown"
            onKeyDown={[Function]}
            style={
              Object {
                "paddingTop": "20px",
              }
            }
          >
            <button
              aria-expanded={false}
              aria-haspopup={true}
              aria-label={null}
              className="dropdown-toggle btn btn-secondary"
              onClick={[Function]}
              style={
                Object {
                  "backgroundColor": "white",
                  "color": "black",
                }
              }
              type="button"
            >
              Select a project
            </button>
            <div
              aria-hidden={true}
              className="dropdown-menu"
              role="menu"
              tabIndex="-1"
            >
              <button
                className="dropdown-item"
                onClick={[Function]}
                role="menuitem"
                tabIndex="0"
                type="button"
              >
                name
                -
                type
              </button>
            </div>
          </div>
          <div
            className="icon-alignment"
          >
            <div
              className="inline-blocked"
              id="main"
              onClick={[Function]}
              onKeyDown={[Function]}
              role="button"
              tabIndex="0"
            >
              <img
                alt="plus icon"
                height="25px"
                src={
                  Object {
                    "process": [Function],
                  }
                }
                width="25px"
              />
            </div>
          </div>
        </div>
      </td>
    </tr>
  </tbody>
</table>
`;
