// Jest Snapshot v1, https://goo.gl/fbAQLP

exports[`Input Field Component renders as expected 1`] = `
<input
  className="input-field my-2 form-control"
  disabled={false}
  name="myinputfield"
  onChange={[Function]}
  onKeyPress={[Function]}
  placeholder="placeholder"
  type="text"
  value="idir"
/>
`;
