// Jest Snapshot v1, https://goo.gl/fbAQLP

exports[`Dropdown Component renders as expected 1`] = `
<div
  className="dropdown"
  onKeyDown={[Function]}
>
  <button
    aria-expanded={false}
    aria-haspopup={true}
    aria-label={null}
    className="btn btn-secondary"
    id="dropdown"
    onClick={[Function]}
    type="button"
  >
    <div
      id="title"
    >
      Select a project
    </div>
    <div
      className="img"
    >
      <img
        alt="down"
        className="caret"
        height="15px"
        src={
          Object {
            "process": [Function],
          }
        }
        width="15px"
      />
    </div>
  </button>
  <div
    aria-hidden={true}
    className="dropdown-menu"
    role="menu"
    tabIndex="-1"
  >
    <button
      className="dropdown-item"
      onClick={[Function]}
      role="menuitem"
      tabIndex="0"
      type="button"
    >
      System 1
      -
      Dynamics
    </button>
  </div>
</div>
`;
