// Jest Snapshot v1, https://goo.gl/fbAQLP

exports[`NavBar Component renders as expected 1`] = `
<div
  className="nav-div"
>
  <nav
    className="navbar navbar-expand-md"
  >
    <div
      className="collapse show navbar-collapse"
      style={Object {}}
    >
      <ul
        className="mr-auto navbar-nav"
      >
        <span
          className="navbar-text"
        >
          Account and License Management Tool
        </span>
      </ul>
      <button
        aria-label={null}
        className="general-button my-2 btn btn-danger"
        disabled={false}
        onClick={[Function]}
        type="submit"
      >
        Logout
      </button>
    </div>
  </nav>
</div>
`;
