// Jest Snapshot v1, https://goo.gl/fbAQLP

exports[`X Icon Component renders as expected 1`] = `
<div
  className="icon"
  onClick={[Function]}
  onKeyDown={[Function]}
  role="button"
  tabIndex="0"
>
  <img
    alt="x icon"
    height="25px"
    src={
      Object {
        "process": [Function],
      }
    }
    width="25px"
  />
</div>
`;
