// Jest Snapshot v1, https://goo.gl/fbAQLP

exports[`List Element Component renders as expected 1`] = `
<div
  className="project-div"
>
  <div
    className="project-list-item"
    id="project-info"
  >
    <strong
      className="large-size"
    >
      title
    </strong>
    <p
      className="project-list-item"
      id="email-info"
    >
      description
    </p>
    
    
  </div>
  <div />
</div>
`;
